2026-10-02T11:21:54+02:00 WRITE work/profile-page/ticket.md
2026-10-02T11:31:05+02:00 WRITE work/profile-page/ticket.md
2026-10-02T11:34:35+02:00 WRITE work/profile-page/plan.md
2026-10-02T11:34:44+02:00 WRITE work/profile-page/plan.md
2026-10-02T11:34:50+02:00 WRITE work/profile-page/plan.md
2026-10-02T11:38:29+02:00 WRITE src/apps/accounts/tests/test_views.py
2026-10-02T11:38:35+02:00 TESTS red (after src/apps/accounts/tests/test_views.py)
2026-10-02T11:38:46+02:00 WRITE src/apps/accounts/views.py
2026-10-02T11:38:52+02:00 TESTS red (after src/apps/accounts/views.py)
2026-10-02T11:38:52+02:00 WRITE src/apps/accounts/views.py
2026-10-02T11:38:58+02:00 TESTS red (after src/apps/accounts/views.py)
2026-10-02T11:38:58+02:00 WRITE src/apps/accounts/urls.py
2026-10-02T11:39:04+02:00 TESTS green (after src/apps/accounts/urls.py)
2026-10-02T11:39:27+02:00 WRITE src/apps/accounts/tests/test_views.py
2026-10-02T11:39:33+02:00 TESTS red (after src/apps/accounts/tests/test_views.py)
2026-10-02T11:39:33+02:00 WRITE src/apps/accounts/tests/test_views.py
2026-10-02T11:39:40+02:00 TESTS red (after src/apps/accounts/tests/test_views.py)
2026-10-02T11:39:40+02:00 WRITE src/apps/accounts/tests/test_views.py
2026-10-02T11:39:46+02:00 TESTS red (after src/apps/accounts/tests/test_views.py)
2026-10-02T11:39:56+02:00 WRITE src/apps/accounts/views.py
2026-10-02T11:40:02+02:00 TESTS red (after src/apps/accounts/views.py)
2026-10-02T11:40:02+02:00 WRITE src/apps/accounts/templates/accounts/profile_detail.html
2026-10-02T11:40:08+02:00 TESTS green (after src/apps/accounts/templates/accounts/profile_detail.html)
2026-10-02T11:40:33+02:00 WRITE src/apps/accounts/tests/test_views.py
2026-10-02T11:40:40+02:00 TESTS green (after src/apps/accounts/tests/test_views.py)
2026-10-02T11:40:50+02:00 WRITE src/apps/accounts/tests/test_views.py
2026-10-02T11:40:56+02:00 TESTS green (after src/apps/accounts/tests/test_views.py)
2026-10-02T11:41:05+02:00 WRITE src/apps/accounts/views.py
2026-10-02T11:41:11+02:00 TESTS red (after src/apps/accounts/views.py)
2026-10-02T11:41:18+02:00 WRITE src/apps/accounts/views.py
2026-10-02T11:41:24+02:00 TESTS green (after src/apps/accounts/views.py)
2026-10-02T11:41:44+02:00 WRITE src/apps/accounts/tests/test_views.py
2026-10-02T11:41:50+02:00 TESTS red (after src/apps/accounts/tests/test_views.py)
2026-10-02T11:42:05+02:00 WRITE src/apps/accounts/tests/test_views.py
2026-10-02T11:42:12+02:00 TESTS red (after src/apps/accounts/tests/test_views.py)
2026-10-02T11:42:12+02:00 WRITE src/apps/accounts/views.py
2026-10-02T11:42:20+02:00 TESTS red (after src/apps/accounts/views.py)
2026-10-02T11:42:20+02:00 WRITE src/apps/accounts/views.py
2026-10-02T11:42:29+02:00 TESTS red (after src/apps/accounts/views.py)
2026-10-02T11:42:29+02:00 WRITE src/apps/accounts/urls.py
2026-10-02T11:42:37+02:00 TESTS red (after src/apps/accounts/urls.py)
2026-10-02T11:42:37+02:00 WRITE src/apps/accounts/urls.py
2026-10-02T11:42:46+02:00 TESTS green (after src/apps/accounts/urls.py)
2026-10-02T11:43:10+02:00 WRITE src/apps/accounts/tests/test_views.py
2026-10-02T11:43:17+02:00 TESTS red (after src/apps/accounts/tests/test_views.py)
2026-10-02T11:43:23+02:00 WRITE src/apps/accounts/templates/accounts/profile_detail.html
2026-10-02T11:43:30+02:00 TESTS green (after src/apps/accounts/templates/accounts/profile_detail.html)
2026-10-02T11:43:57+02:00 WRITE src/apps/accounts/tests/test_views.py
2026-10-02T11:44:04+02:00 TESTS green (after src/apps/accounts/tests/test_views.py)
2026-10-02T11:44:34+02:00 WRITE src/apps/accounts/tests/test_views.py
2026-10-02T11:44:41+02:00 TESTS red (after src/apps/accounts/tests/test_views.py)
2026-10-02T11:44:56+02:00 WRITE src/apps/accounts/forms.py
2026-10-02T11:45:03+02:00 TESTS red (after src/apps/accounts/forms.py)
2026-10-02T11:45:03+02:00 WRITE src/apps/accounts/views.py
2026-10-02T11:45:03+02:00 TESTS red (after src/apps/accounts/views.py)
2026-10-02T11:45:03+02:00 WRITE src/apps/accounts/views.py
2026-10-02T11:45:13+02:00 TESTS red (after src/apps/accounts/views.py)
2026-10-02T11:45:13+02:00 WRITE src/apps/accounts/templates/accounts/profile_form.html
2026-10-02T11:45:23+02:00 TESTS green (after src/apps/accounts/templates/accounts/profile_form.html)
2026-10-02T11:45:45+02:00 WRITE src/apps/accounts/tests/test_views.py
2026-10-02T11:45:52+02:00 TESTS red (after src/apps/accounts/tests/test_views.py)
2026-10-02T11:45:52+02:00 WRITE src/apps/accounts/tests/test_views.py
2026-10-02T11:46:02+02:00 TESTS green (after src/apps/accounts/tests/test_views.py)
2026-10-02T11:46:29+02:00 WRITE src/apps/accounts/tests/test_views.py
2026-10-02T11:46:39+02:00 TESTS red (after src/apps/accounts/tests/test_views.py)
2026-10-02T11:46:47+02:00 WRITE src/apps/accounts/tests/test_views.py
2026-10-02T11:46:56+02:00 TESTS red (after src/apps/accounts/tests/test_views.py)
2026-10-02T11:46:56+02:00 WRITE src/apps/accounts/tests/test_views.py
2026-10-02T11:47:07+02:00 TESTS green (after src/apps/accounts/tests/test_views.py)
2026-10-02T11:47:18+02:00 WRITE src/apps/accounts/forms.py
2026-10-02T11:47:29+02:00 TESTS red (after src/apps/accounts/forms.py)
2026-10-02T11:47:42+02:00 WRITE src/apps/accounts/forms.py
2026-10-02T11:47:52+02:00 TESTS green (after src/apps/accounts/forms.py)
2026-10-02T11:48:29+02:00 WRITE src/apps/accounts/tests/test_views.py
2026-10-02T11:48:37+02:00 TESTS red (after src/apps/accounts/tests/test_views.py)
2026-10-02T11:48:48+02:00 WRITE src/apps/accounts/views.py
2026-10-02T11:48:57+02:00 TESTS green (after src/apps/accounts/views.py)
2026-10-02T11:48:57+02:00 WRITE src/apps/accounts/tests/test_views.py
2026-10-02T11:49:08+02:00 TESTS green (after src/apps/accounts/tests/test_views.py)
2026-10-02T11:49:38+02:00 WRITE src/apps/accounts/tests/test_views.py
2026-10-02T11:49:48+02:00 TESTS green (after src/apps/accounts/tests/test_views.py)
2026-10-02T11:49:55+02:00 WRITE src/apps/accounts/forms.py
2026-10-02T11:50:05+02:00 TESTS red (after src/apps/accounts/forms.py)
2026-10-02T11:50:19+02:00 WRITE src/apps/accounts/forms.py
2026-10-02T11:50:30+02:00 TESTS green (after src/apps/accounts/forms.py)
2026-10-02T11:51:01+02:00 WRITE src/apps/accounts/tests/test_views.py
2026-10-02T11:51:12+02:00 TESTS red (after src/apps/accounts/tests/test_views.py)
2026-10-02T11:51:20+02:00 WRITE src/apps/accounts/views.py
2026-10-02T11:51:30+02:00 TESTS green (after src/apps/accounts/views.py)
2026-10-02T11:52:03+02:00 WRITE src/apps/accounts/tests/test_views.py
2026-10-02T11:52:13+02:00 TESTS green (after src/apps/accounts/tests/test_views.py)
2026-10-02T11:52:21+02:00 WRITE src/apps/accounts/forms.py
2026-10-02T11:52:32+02:00 TESTS red (after src/apps/accounts/forms.py)
2026-10-02T11:52:47+02:00 WRITE src/apps/accounts/forms.py
2026-10-02T11:52:59+02:00 TESTS green (after src/apps/accounts/forms.py)
2026-10-02T11:53:07+02:00 WRITE src/apps/accounts/views.py
2026-10-02T11:53:19+02:00 TESTS red (after src/apps/accounts/views.py)
2026-10-02T11:53:36+02:00 WRITE src/apps/accounts/views.py
2026-10-02T11:53:47+02:00 TESTS green (after src/apps/accounts/views.py)
2026-10-02T11:54:22+02:00 WRITE src/apps/accounts/tests/test_views.py
2026-10-02T11:54:34+02:00 TESTS green (after src/apps/accounts/tests/test_views.py)
2026-10-02T11:54:41+02:00 WRITE src/apps/accounts/forms.py
2026-10-02T11:54:53+02:00 TESTS green (after src/apps/accounts/forms.py)
2026-10-02T11:55:13+02:00 WRITE src/apps/accounts/forms.py
2026-10-02T11:55:24+02:00 TESTS green (after src/apps/accounts/forms.py)
2026-10-02T11:55:41+02:00 WRITE src/apps/accounts/views.py
2026-10-02T11:55:53+02:00 TESTS red (after src/apps/accounts/views.py)
2026-10-02T11:56:09+02:00 WRITE src/apps/accounts/views.py
2026-10-02T11:56:21+02:00 TESTS green (after src/apps/accounts/views.py)
2026-10-02T11:57:04+02:00 WRITE src/apps/accounts/tests/test_views.py
2026-10-02T11:57:13+02:00 TESTS red (after src/apps/accounts/tests/test_views.py)
2026-10-02T11:57:21+02:00 WRITE src/apps/accounts/templates/accounts/profile_form.html
2026-10-02T11:57:33+02:00 TESTS green (after src/apps/accounts/templates/accounts/profile_form.html)
2026-10-02T11:58:07+02:00 WRITE src/apps/accounts/tests/test_views.py
2026-10-02T11:58:20+02:00 TESTS red (after src/apps/accounts/tests/test_views.py)
2026-10-02T11:58:35+02:00 WRITE src/apps/accounts/views.py
2026-10-02T11:58:46+02:00 TESTS red (after src/apps/accounts/views.py)
2026-10-02T11:58:46+02:00 WRITE src/apps/accounts/views.py
2026-10-02T11:59:01+02:00 TESTS green (after src/apps/accounts/views.py)
2026-10-02T11:59:46+02:00 WRITE src/apps/accounts/tests/test_views.py
2026-10-02T11:59:57+02:00 TESTS red (after src/apps/accounts/tests/test_views.py)
2026-10-02T12:00:08+02:00 WRITE src/templates/base.html
2026-10-02T12:00:19+02:00 TESTS green (after src/templates/base.html)
2026-10-02T12:00:40+02:00 WRITE src/templates/base.html
2026-10-02T12:00:53+02:00 TESTS red (after src/templates/base.html)
2026-10-02T12:01:15+02:00 WRITE src/templates/base.html
2026-10-02T12:01:29+02:00 TESTS green (after src/templates/base.html)
2026-10-02T12:13:10+02:00 WRITE work/profile-page/review.md
2026-10-02T12:13:10+02:00 WRITE work/profile-page/plan.md
2026-10-02T12:19:49+02:00 WRITE src/apps/accounts/tests/test_views.py
2026-10-02T12:19:58+02:00 TESTS green (after src/apps/accounts/tests/test_views.py)
2026-10-02T12:20:03+02:00 WRITE src/apps/accounts/templates/accounts/profile_form.html
2026-10-02T12:20:13+02:00 TESTS red (after src/apps/accounts/templates/accounts/profile_form.html)
2026-10-02T12:20:25+02:00 WRITE src/apps/accounts/templates/accounts/profile_form.html
2026-10-02T12:20:34+02:00 TESTS green (after src/apps/accounts/templates/accounts/profile_form.html)
2026-10-02T12:20:59+02:00 WRITE src/apps/accounts/tests/test_views.py
2026-10-02T12:21:08+02:00 TESTS green (after src/apps/accounts/tests/test_views.py)
2026-10-02T12:22:11+02:00 WRITE src/apps/accounts/tests/test_views.py
2026-10-02T12:22:20+02:00 TESTS red (after src/apps/accounts/tests/test_views.py)
2026-10-02T12:22:20+02:00 WRITE src/apps/accounts/tests/test_views.py
2026-10-02T12:22:36+02:00 TESTS red (after src/apps/accounts/tests/test_views.py)
2026-10-02T12:22:36+02:00 WRITE src/apps/accounts/tests/test_views.py
2026-10-02T12:22:53+02:00 TESTS green (after src/apps/accounts/tests/test_views.py)
2026-10-02T12:24:11+02:00 WRITE src/apps/accounts/tests/test_views.py
2026-10-02T12:24:23+02:00 TESTS green (after src/apps/accounts/tests/test_views.py)
2026-10-02T12:24:49+02:00 WRITE src/apps/accounts/tests/test_views.py
2026-10-02T12:25:02+02:00 TESTS green (after src/apps/accounts/tests/test_views.py)
2026-10-02T12:25:40+02:00 WRITE src/apps/accounts/tests/test_views.py
2026-10-02T12:25:56+02:00 TESTS green (after src/apps/accounts/tests/test_views.py)
2026-10-02T12:26:41+02:00 WRITE src/apps/accounts/tests/test_views.py
2026-10-02T12:26:53+02:00 TESTS green (after src/apps/accounts/tests/test_views.py)
2026-10-02T12:26:53+02:00 WRITE src/apps/accounts/tests/test_views.py
2026-10-02T12:27:08+02:00 TESTS green (after src/apps/accounts/tests/test_views.py)
