2026-10-02T16:21:36+02:00 WRITE work/goal-list-filter/ticket.md
2026-10-02T16:27:27+02:00 WRITE work/goal-list-filter/plan.md
2026-10-02T16:35:26+02:00 WRITE src/apps/goals/tests/test_views.py
2026-10-02T16:35:46+02:00 TESTS red (after src/apps/goals/tests/test_views.py)
2026-10-02T16:35:53+02:00 WRITE src/apps/goals/views.py
2026-10-02T16:36:13+02:00 TESTS green (after src/apps/goals/views.py)
2026-10-02T16:37:05+02:00 WRITE src/apps/goals/tests/test_views.py
2026-10-02T16:37:28+02:00 TESTS red (after src/apps/goals/tests/test_views.py)
2026-10-02T16:37:36+02:00 WRITE src/apps/goals/views.py
2026-10-02T16:38:01+02:00 TESTS red (after src/apps/goals/views.py)
2026-10-02T16:38:01+02:00 WRITE src/apps/goals/views.py
2026-10-02T16:38:30+02:00 TESTS green (after src/apps/goals/views.py)
2026-10-02T16:39:49+02:00 WRITE src/apps/goals/tests/test_views.py
2026-10-02T16:40:17+02:00 TESTS red (after src/apps/goals/tests/test_views.py)
2026-10-02T16:40:25+02:00 WRITE src/apps/goals/views.py
2026-10-02T16:40:55+02:00 TESTS red (after src/apps/goals/views.py)
2026-10-02T16:40:55+02:00 WRITE src/apps/goals/templates/goals/goal_list.html
2026-10-02T16:41:29+02:00 TESTS green (after src/apps/goals/templates/goals/goal_list.html)
2026-10-02T16:42:41+02:00 WRITE src/apps/goals/tests/test_views.py
2026-10-02T16:43:10+02:00 TESTS red (after src/apps/goals/tests/test_views.py)
2026-10-02T16:43:20+02:00 WRITE src/apps/goals/views.py
2026-10-02T16:43:52+02:00 TESTS red (after src/apps/goals/views.py)
2026-10-02T16:43:53+02:00 WRITE src/apps/goals/templates/goals/goal_list.html
2026-10-02T16:44:24+02:00 TESTS green (after src/apps/goals/templates/goals/goal_list.html)
2026-10-02T16:45:39+02:00 WRITE src/apps/goals/tests/test_views.py
2026-10-02T16:46:09+02:00 TESTS red (after src/apps/goals/tests/test_views.py)
2026-10-02T16:46:15+02:00 WRITE src/apps/goals/templates/goals/goal_list.html
2026-10-02T16:46:44+02:00 TESTS green (after src/apps/goals/templates/goals/goal_list.html)
2026-10-02T16:47:58+02:00 WRITE src/apps/goals/tests/test_views.py
2026-10-02T16:48:26+02:00 TESTS green (after src/apps/goals/tests/test_views.py)
