2026-10-01T17:12:32+02:00 WRITE work/auth/ticket.md
2026-10-01T20:19:02+02:00 WRITE work/auth/plan.md
2026-10-01T21:18:13+02:00 WRITE work/auth/ticket.md
2026-10-01T21:18:13+02:00 WRITE work/auth/plan.md
2026-10-01T21:18:14+02:00 WRITE work/auth/plan.md
2026-10-01T21:19:17+02:00 WRITE src/apps/accounts/tests/__init__.py
2026-10-01T21:19:17+02:00 TESTS green (after src/apps/accounts/tests/__init__.py)
2026-10-01T21:19:17+02:00 WRITE src/apps/accounts/tests/test_views.py
2026-10-01T21:19:18+02:00 TESTS red (after src/apps/accounts/tests/test_views.py)
2026-10-01T21:19:36+02:00 WRITE src/apps/accounts/apps.py
2026-10-01T21:19:36+02:00 TESTS red (after src/apps/accounts/apps.py)
2026-10-01T21:19:36+02:00 WRITE src/config/settings.py
2026-10-01T21:19:37+02:00 TESTS red (after src/config/settings.py)
2026-10-01T21:19:37+02:00 WRITE src/config/urls.py
2026-10-01T21:19:38+02:00 TESTS red (after src/config/urls.py)
2026-10-01T21:19:38+02:00 WRITE src/apps/accounts/views.py
2026-10-01T21:19:39+02:00 TESTS red (after src/apps/accounts/views.py)
2026-10-01T21:19:40+02:00 WRITE src/apps/accounts/urls.py
2026-10-01T21:19:40+02:00 TESTS red (after src/apps/accounts/urls.py)
2026-10-01T21:19:40+02:00 WRITE src/templates/registration/signup.html
2026-10-01T21:19:40+02:00 TESTS green (after src/templates/registration/signup.html)
2026-10-01T21:20:01+02:00 WRITE src/apps/accounts/tests/test_views.py
2026-10-01T21:20:01+02:00 TESTS red (after src/apps/accounts/tests/test_views.py)
2026-10-01T21:20:14+02:00 WRITE src/apps/accounts/urls.py
2026-10-01T21:20:14+02:00 TESTS red (after src/apps/accounts/urls.py)
2026-10-01T21:20:14+02:00 WRITE src/templates/registration/login.html
2026-10-01T21:20:14+02:00 TESTS green (after src/templates/registration/login.html)
2026-10-01T21:20:27+02:00 WRITE src/apps/accounts/tests/test_views.py
2026-10-01T21:20:27+02:00 TESTS green (after src/apps/accounts/tests/test_views.py)
2026-10-01T21:20:35+02:00 WRITE src/apps/accounts/tests/test_views.py
2026-10-01T21:20:35+02:00 TESTS green (after src/apps/accounts/tests/test_views.py)
2026-10-01T21:20:50+02:00 WRITE work/auth/plan.md
2026-10-01T21:21:07+02:00 WRITE src/apps/accounts/tests/test_views.py
2026-10-01T21:21:07+02:00 TESTS green (after src/apps/accounts/tests/test_views.py)
2026-10-01T21:21:07+02:00 WRITE src/apps/accounts/tests/test_views.py
2026-10-01T21:21:08+02:00 TESTS red (after src/apps/accounts/tests/test_views.py)
2026-10-01T21:21:19+02:00 WRITE src/apps/accounts/views.py
2026-10-01T21:21:20+02:00 TESTS green (after src/apps/accounts/views.py)
2026-10-01T21:21:29+02:00 WRITE src/apps/accounts/tests/test_views.py
2026-10-01T21:21:29+02:00 TESTS green (after src/apps/accounts/tests/test_views.py)
2026-10-01T21:21:29+02:00 WRITE src/apps/accounts/tests/test_views.py
2026-10-01T21:21:30+02:00 TESTS red (after src/apps/accounts/tests/test_views.py)
2026-10-01T21:21:37+02:00 WRITE src/apps/accounts/views.py
2026-10-01T21:21:38+02:00 TESTS green (after src/apps/accounts/views.py)
2026-10-01T21:21:50+02:00 WRITE src/apps/accounts/tests/test_views.py
2026-10-01T21:21:51+02:00 TESTS green (after src/apps/accounts/tests/test_views.py)
2026-10-01T21:22:00+02:00 WRITE src/apps/accounts/tests/test_views.py
2026-10-01T21:22:01+02:00 TESTS green (after src/apps/accounts/tests/test_views.py)
2026-10-01T21:22:27+02:00 WRITE src/apps/accounts/tests/test_views.py
2026-10-01T21:22:28+02:00 TESTS green (after src/apps/accounts/tests/test_views.py)
2026-10-01T21:22:34+02:00 WRITE src/apps/accounts/tests/test_views.py
2026-10-01T21:22:35+02:00 TESTS red (after src/apps/accounts/tests/test_views.py)
2026-10-01T21:22:50+02:00 WRITE src/config/settings.py
2026-10-01T21:22:51+02:00 TESTS green (after src/config/settings.py)
2026-10-01T21:23:00+02:00 WRITE src/apps/accounts/tests/test_views.py
2026-10-01T21:23:01+02:00 TESTS red (after src/apps/accounts/tests/test_views.py)
2026-10-01T21:23:13+02:00 WRITE src/apps/accounts/tests/test_views.py
2026-10-01T21:23:15+02:00 TESTS red (after src/apps/accounts/tests/test_views.py)
2026-10-01T21:23:26+02:00 WRITE src/apps/accounts/views.py
2026-10-01T21:23:27+02:00 TESTS red (after src/apps/accounts/views.py)
2026-10-01T21:23:27+02:00 WRITE src/apps/accounts/urls.py
2026-10-01T21:23:29+02:00 TESTS green (after src/apps/accounts/urls.py)
2026-10-01T21:23:41+02:00 WRITE src/apps/accounts/tests/test_views.py
2026-10-01T21:23:43+02:00 TESTS green (after src/apps/accounts/tests/test_views.py)
2026-10-01T21:24:12+02:00 WRITE src/apps/accounts/tests/test_views.py
2026-10-01T21:24:14+02:00 TESTS green (after src/apps/accounts/tests/test_views.py)
2026-10-01T21:24:40+02:00 WRITE src/apps/accounts/tests/test_views.py
2026-10-01T21:24:42+02:00 TESTS red (after src/apps/accounts/tests/test_views.py)
2026-10-01T21:24:56+02:00 WRITE src/apps/accounts/urls.py
2026-10-01T21:24:58+02:00 TESTS red (after src/apps/accounts/urls.py)
2026-10-01T21:24:58+02:00 WRITE src/apps/accounts/urls.py
2026-10-01T21:25:01+02:00 TESTS red (after src/apps/accounts/urls.py)
2026-10-01T21:25:01+02:00 WRITE src/config/settings.py
2026-10-01T21:25:03+02:00 TESTS green (after src/config/settings.py)
2026-10-01T21:25:16+02:00 WRITE src/apps/accounts/tests/test_views.py
2026-10-01T21:25:18+02:00 TESTS red (after src/apps/accounts/tests/test_views.py)
2026-10-01T21:25:29+02:00 WRITE src/apps/accounts/views.py
2026-10-01T21:25:32+02:00 TESTS red (after src/apps/accounts/views.py)
2026-10-01T21:25:32+02:00 WRITE src/apps/accounts/urls.py
2026-10-01T21:25:34+02:00 TESTS green (after src/apps/accounts/urls.py)
2026-10-01T21:25:46+02:00 WRITE src/apps/accounts/tests/test_views.py
2026-10-01T21:25:49+02:00 TESTS green (after src/apps/accounts/tests/test_views.py)
2026-10-01T21:26:23+02:00 WRITE src/apps/accounts/tests/test_views.py
2026-10-01T21:26:25+02:00 TESTS green (after src/apps/accounts/tests/test_views.py)
2026-10-01T21:26:25+02:00 WRITE src/apps/accounts/tests/test_views.py
2026-10-01T21:26:28+02:00 TESTS red (after src/apps/accounts/tests/test_views.py)
2026-10-01T21:26:36+02:00 WRITE src/templates/base.html
2026-10-01T21:26:39+02:00 TESTS red (after src/templates/base.html)
2026-10-01T21:26:50+02:00 WRITE tests/test_base_layout.py
2026-10-01T21:26:52+02:00 TESTS green (after tests/test_base_layout.py)
2026-10-01T21:27:07+02:00 WRITE src/apps/accounts/tests/test_views.py
2026-10-01T21:27:09+02:00 TESTS red (after src/apps/accounts/tests/test_views.py)
2026-10-01T21:27:18+02:00 WRITE src/templates/base.html
2026-10-01T21:27:21+02:00 TESTS green (after src/templates/base.html)
2026-10-01T21:27:38+02:00 WRITE src/apps/accounts/tests/test_views.py
2026-10-01T21:27:41+02:00 TESTS red (after src/apps/accounts/tests/test_views.py)
2026-10-01T21:27:51+02:00 WRITE src/apps/accounts/views.py
2026-10-01T21:27:53+02:00 TESTS green (after src/apps/accounts/views.py)
2026-10-01T21:28:06+02:00 WRITE src/apps/accounts/tests/test_views.py
2026-10-01T21:28:09+02:00 TESTS red (after src/apps/accounts/tests/test_views.py)
2026-10-01T21:28:24+02:00 WRITE src/apps/accounts/views.py
2026-10-01T21:28:27+02:00 TESTS green (after src/apps/accounts/views.py)
