2026-10-02T12:47:54+02:00 WRITE work/goal-model/ticket.md
2026-10-02T13:00:23+02:00 WRITE work/goal-model/plan.md
2026-10-02T13:06:46+02:00 WRITE work/goal-model/plan.md
2026-10-02T13:06:46+02:00 WRITE work/goal-model/plan.md
2026-10-02T13:06:46+02:00 WRITE work/goal-model/plan.md
2026-10-02T13:07:27+02:00 WRITE src/apps/goals/tests/__init__.py
2026-10-02T13:07:36+02:00 TESTS green (after src/apps/goals/tests/__init__.py)
2026-10-02T13:07:36+02:00 WRITE src/apps/goals/tests/test_models.py
2026-10-02T13:07:36+02:00 TESTS red (after src/apps/goals/tests/test_models.py)
2026-10-02T13:07:47+02:00 WRITE src/apps/goals/apps.py
2026-10-02T13:07:48+02:00 TESTS red (after src/apps/goals/apps.py)
2026-10-02T13:07:48+02:00 WRITE src/config/settings.py
2026-10-02T13:07:48+02:00 TESTS red (after src/config/settings.py)
2026-10-02T13:07:48+02:00 WRITE src/apps/goals/models.py
2026-10-02T13:07:57+02:00 TESTS red (after src/apps/goals/models.py)
2026-10-02T13:08:02+02:00 WRITE src/apps/goals/models.py
2026-10-02T13:08:11+02:00 TESTS green (after src/apps/goals/models.py)
2026-10-02T13:08:42+02:00 WRITE src/apps/goals/tests/test_models.py
2026-10-02T13:08:51+02:00 TESTS red (after src/apps/goals/tests/test_models.py)
2026-10-02T13:09:04+02:00 WRITE src/apps/goals/models.py
2026-10-02T13:09:13+02:00 TESTS red (after src/apps/goals/models.py)
2026-10-02T13:09:54+02:00 WRITE src/apps/goals/tests/test_models.py
2026-10-02T13:10:03+02:00 TESTS green (after src/apps/goals/tests/test_models.py)
2026-10-02T13:10:09+02:00 WRITE src/apps/goals/models.py
2026-10-02T13:10:18+02:00 TESTS red (after src/apps/goals/models.py)
2026-10-02T13:10:25+02:00 WRITE src/apps/goals/models.py
2026-10-02T13:10:35+02:00 TESTS green (after src/apps/goals/models.py)
2026-10-02T13:11:01+02:00 WRITE src/apps/goals/tests/test_models.py
2026-10-02T13:11:10+02:00 TESTS red (after src/apps/goals/tests/test_models.py)
2026-10-02T13:11:21+02:00 WRITE src/apps/goals/models.py
2026-10-02T13:11:30+02:00 TESTS red (after src/apps/goals/models.py)
2026-10-02T13:11:58+02:00 WRITE src/apps/goals/tests/test_models.py
2026-10-02T13:12:08+02:00 TESTS red (after src/apps/goals/tests/test_models.py)
2026-10-02T13:12:08+02:00 WRITE src/apps/goals/tests/test_models.py
2026-10-02T13:12:17+02:00 TESTS green (after src/apps/goals/tests/test_models.py)
2026-10-02T13:12:23+02:00 WRITE src/apps/goals/models.py
2026-10-02T13:12:33+02:00 TESTS red (after src/apps/goals/models.py)
2026-10-02T13:12:41+02:00 WRITE src/apps/goals/models.py
2026-10-02T13:12:50+02:00 TESTS green (after src/apps/goals/models.py)
2026-10-02T13:13:17+02:00 WRITE src/apps/goals/tests/test_models.py
2026-10-02T13:13:26+02:00 TESTS red (after src/apps/goals/tests/test_models.py)
2026-10-02T13:13:32+02:00 WRITE src/apps/goals/models.py
2026-10-02T13:13:42+02:00 TESTS red (after src/apps/goals/models.py)
2026-10-02T13:14:05+02:00 WRITE src/apps/goals/tests/test_models.py
2026-10-02T13:14:15+02:00 TESTS red (after src/apps/goals/tests/test_models.py)
2026-10-02T13:14:15+02:00 WRITE src/apps/goals/tests/test_models.py
2026-10-02T13:14:24+02:00 TESTS red (after src/apps/goals/tests/test_models.py)
2026-10-02T13:14:24+02:00 WRITE src/apps/goals/tests/test_models.py
2026-10-02T13:14:33+02:00 TESTS green (after src/apps/goals/tests/test_models.py)
2026-10-02T13:14:59+02:00 WRITE src/apps/goals/tests/test_models.py
2026-10-02T13:15:09+02:00 TESTS green (after src/apps/goals/tests/test_models.py)
2026-10-02T13:15:16+02:00 WRITE src/apps/goals/models.py
2026-10-02T13:15:26+02:00 TESTS red (after src/apps/goals/models.py)
2026-10-02T13:15:34+02:00 WRITE src/apps/goals/models.py
2026-10-02T13:15:44+02:00 TESTS green (after src/apps/goals/models.py)
2026-10-02T13:16:15+02:00 WRITE src/apps/goals/tests/test_models.py
2026-10-02T13:16:25+02:00 TESTS red (after src/apps/goals/tests/test_models.py)
2026-10-02T13:16:25+02:00 WRITE src/apps/goals/tests/test_models.py
2026-10-02T13:16:35+02:00 TESTS red (after src/apps/goals/tests/test_models.py)
2026-10-02T13:16:47+02:00 WRITE src/apps/goals/models.py
2026-10-02T13:16:58+02:00 TESTS red (after src/apps/goals/models.py)
2026-10-02T13:17:25+02:00 WRITE src/apps/goals/tests/test_models.py
2026-10-02T13:17:35+02:00 TESTS red (after src/apps/goals/tests/test_models.py)
2026-10-02T13:17:45+02:00 WRITE src/apps/goals/models.py
2026-10-02T13:17:55+02:00 TESTS green (after src/apps/goals/models.py)
2026-10-02T13:18:21+02:00 WRITE src/apps/goals/tests/test_admin.py
2026-10-02T13:18:31+02:00 TESTS red (after src/apps/goals/tests/test_admin.py)
2026-10-02T13:18:38+02:00 WRITE src/apps/goals/admin.py
2026-10-02T13:18:49+02:00 TESTS green (after src/apps/goals/admin.py)
2026-10-02T13:19:18+02:00 WRITE src/apps/goals/tests/test_admin.py
2026-10-02T13:19:29+02:00 TESTS red (after src/apps/goals/tests/test_admin.py)
2026-10-02T13:19:37+02:00 WRITE src/apps/goals/admin.py
2026-10-02T13:19:47+02:00 TESTS green (after src/apps/goals/admin.py)
2026-10-02T13:20:18+02:00 WRITE src/apps/goals/tests/test_admin.py
2026-10-02T13:20:30+02:00 TESTS red (after src/apps/goals/tests/test_admin.py)
2026-10-02T13:20:38+02:00 WRITE src/apps/goals/admin.py
2026-10-02T13:20:49+02:00 TESTS red (after src/apps/goals/admin.py)
2026-10-02T13:21:06+02:00 WRITE src/apps/goals/tests/test_admin.py
2026-10-02T13:21:17+02:00 TESTS green (after src/apps/goals/tests/test_admin.py)
2026-10-02T13:21:18+02:00 WRITE src/apps/goals/admin.py
2026-10-02T13:21:29+02:00 TESTS red (after src/apps/goals/admin.py)
2026-10-02T13:21:37+02:00 WRITE src/apps/goals/admin.py
2026-10-02T13:21:48+02:00 TESTS green (after src/apps/goals/admin.py)
2026-10-02T13:22:17+02:00 WRITE src/apps/goals/tests/test_admin.py
2026-10-02T13:22:28+02:00 TESTS red (after src/apps/goals/tests/test_admin.py)
2026-10-02T13:22:37+02:00 WRITE src/apps/goals/admin.py
2026-10-02T13:22:48+02:00 TESTS green (after src/apps/goals/admin.py)
2026-10-02T13:23:17+02:00 WRITE src/apps/goals/tests/test_admin.py
2026-10-02T13:23:29+02:00 TESTS green (after src/apps/goals/tests/test_admin.py)
2026-10-02T13:23:35+02:00 WRITE src/apps/goals/admin.py
2026-10-02T13:23:47+02:00 TESTS red (after src/apps/goals/admin.py)
2026-10-02T13:23:56+02:00 WRITE src/apps/goals/admin.py
2026-10-02T13:24:07+02:00 TESTS green (after src/apps/goals/admin.py)
2026-10-02T13:24:42+02:00 WRITE src/apps/goals/tests/test_admin.py
2026-10-02T13:24:54+02:00 TESTS red (after src/apps/goals/tests/test_admin.py)
2026-10-02T13:25:05+02:00 WRITE src/apps/goals/admin.py
2026-10-02T13:25:17+02:00 TESTS green (after src/apps/goals/admin.py)
2026-10-02T13:25:39+02:00 WRITE src/apps/goals/admin.py
2026-10-02T13:25:52+02:00 TESTS red (after src/apps/goals/admin.py)
2026-10-02T13:25:54+02:00 WRITE src/apps/goals/admin.py
2026-10-02T13:26:06+02:00 TESTS green (after src/apps/goals/admin.py)
2026-10-02T13:30:20+02:00 WRITE work/goal-model/review.md
