2026-10-02T10:25:07+02:00 WRITE work/profile-model/ticket.md
2026-10-02T10:34:50+02:00 WRITE work/profile-model/ticket.md
2026-10-02T10:34:50+02:00 WRITE work/profile-model/ticket.md
2026-10-02T10:37:31+02:00 WRITE work/profile-model/plan.md
2026-10-02T10:46:02+02:00 WRITE src/apps/accounts/tests/test_models.py
2026-10-02T10:46:03+02:00 TESTS red (after src/apps/accounts/tests/test_models.py)
2026-10-02T10:46:03+02:00 WRITE src/apps/accounts/models.py
2026-10-02T10:46:06+02:00 TESTS red (after src/apps/accounts/models.py)
2026-10-02T10:46:12+02:00 WRITE src/apps/accounts/models.py
2026-10-02T10:46:15+02:00 TESTS green (after src/apps/accounts/models.py)
2026-10-02T10:46:33+02:00 WRITE src/apps/accounts/tests/test_models.py
2026-10-02T10:46:36+02:00 TESTS red (after src/apps/accounts/tests/test_models.py)
2026-10-02T10:46:42+02:00 WRITE src/apps/accounts/models.py
2026-10-02T10:46:45+02:00 TESTS red (after src/apps/accounts/models.py)
2026-10-02T10:47:12+02:00 WRITE src/apps/accounts/tests/test_models.py
2026-10-02T10:47:15+02:00 TESTS green (after src/apps/accounts/tests/test_models.py)
2026-10-02T10:47:21+02:00 WRITE src/apps/accounts/tests/test_models.py
2026-10-02T10:47:24+02:00 TESTS red (after src/apps/accounts/tests/test_models.py)
2026-10-02T10:47:35+02:00 WRITE src/apps/accounts/models.py
2026-10-02T10:47:38+02:00 TESTS red (after src/apps/accounts/models.py)
2026-10-02T10:47:38+02:00 WRITE src/apps/accounts/models.py
2026-10-02T10:47:41+02:00 TESTS red (after src/apps/accounts/models.py)
2026-10-02T10:47:42+02:00 WRITE src/apps/accounts/signals.py
2026-10-02T10:47:45+02:00 TESTS red (after src/apps/accounts/signals.py)
2026-10-02T10:47:45+02:00 WRITE src/apps/accounts/apps.py
2026-10-02T10:47:49+02:00 TESTS red (after src/apps/accounts/apps.py)
2026-10-02T10:48:07+02:00 WRITE src/apps/accounts/tests/test_models.py
2026-10-02T10:48:11+02:00 TESTS red (after src/apps/accounts/tests/test_models.py)
2026-10-02T10:48:11+02:00 WRITE src/apps/accounts/tests/test_models.py
2026-10-02T10:48:14+02:00 TESTS red (after src/apps/accounts/tests/test_models.py)
2026-10-02T10:48:22+02:00 WRITE src/apps/accounts/signals.py
2026-10-02T10:48:25+02:00 TESTS green (after src/apps/accounts/signals.py)
2026-10-02T10:48:25+02:00 WRITE src/apps/accounts/tests/test_models.py
2026-10-02T10:48:29+02:00 TESTS green (after src/apps/accounts/tests/test_models.py)
2026-10-02T10:48:48+02:00 WRITE src/apps/accounts/tests/test_models.py
2026-10-02T10:48:51+02:00 TESTS red (after src/apps/accounts/tests/test_models.py)
2026-10-02T10:48:57+02:00 WRITE src/apps/accounts/models.py
2026-10-02T10:49:01+02:00 TESTS green (after src/apps/accounts/models.py)
2026-10-02T10:49:19+02:00 WRITE src/apps/accounts/tests/test_models.py
2026-10-02T10:49:22+02:00 TESTS green (after src/apps/accounts/tests/test_models.py)
2026-10-02T10:49:22+02:00 WRITE src/apps/accounts/tests/test_models.py
2026-10-02T10:49:26+02:00 TESTS green (after src/apps/accounts/tests/test_models.py)
2026-10-02T10:49:26+02:00 WRITE src/apps/accounts/tests/test_models.py
2026-10-02T10:49:29+02:00 TESTS green (after src/apps/accounts/tests/test_models.py)
2026-10-02T10:49:55+02:00 WRITE src/apps/accounts/tests/test_models.py
2026-10-02T10:49:58+02:00 TESTS green (after src/apps/accounts/tests/test_models.py)
2026-10-02T10:49:58+02:00 WRITE src/apps/accounts/signals.py
2026-10-02T10:50:02+02:00 TESTS red (after src/apps/accounts/signals.py)
2026-10-02T10:50:10+02:00 WRITE src/apps/accounts/signals.py
2026-10-02T10:50:13+02:00 TESTS green (after src/apps/accounts/signals.py)
2026-10-02T10:50:26+02:00 WRITE src/apps/accounts/tests/test_models.py
2026-10-02T10:50:30+02:00 TESTS green (after src/apps/accounts/tests/test_models.py)
2026-10-02T10:50:36+02:00 WRITE src/apps/accounts/signals.py
2026-10-02T10:50:41+02:00 TESTS red (after src/apps/accounts/signals.py)
2026-10-02T10:50:48+02:00 WRITE src/apps/accounts/signals.py
2026-10-02T10:50:51+02:00 TESTS green (after src/apps/accounts/signals.py)
2026-10-02T10:51:04+02:00 WRITE src/apps/accounts/tests/test_models.py
2026-10-02T10:51:08+02:00 TESTS green (after src/apps/accounts/tests/test_models.py)
2026-10-02T10:51:16+02:00 WRITE src/apps/accounts/models.py
2026-10-02T10:51:20+02:00 TESTS red (after src/apps/accounts/models.py)
2026-10-02T10:51:27+02:00 WRITE src/apps/accounts/models.py
2026-10-02T10:51:31+02:00 TESTS green (after src/apps/accounts/models.py)
2026-10-02T10:51:47+02:00 WRITE src/apps/accounts/tests/test_models.py
2026-10-02T10:51:51+02:00 TESTS green (after src/apps/accounts/tests/test_models.py)
2026-10-02T10:51:59+02:00 WRITE src/apps/accounts/models.py
2026-10-02T10:52:03+02:00 TESTS red (after src/apps/accounts/models.py)
2026-10-02T10:52:13+02:00 WRITE src/apps/accounts/models.py
2026-10-02T10:52:18+02:00 TESTS green (after src/apps/accounts/models.py)
2026-10-02T10:52:41+02:00 WRITE src/apps/accounts/tests/test_views.py
2026-10-02T10:52:46+02:00 TESTS red (after src/apps/accounts/tests/test_views.py)
2026-10-02T10:52:46+02:00 WRITE src/apps/accounts/tests/test_views.py
2026-10-02T10:52:50+02:00 TESTS green (after src/apps/accounts/tests/test_views.py)
2026-10-02T10:53:04+02:00 WRITE src/templates/registration/signup.html
2026-10-02T10:53:08+02:00 TESTS red (after src/templates/registration/signup.html)
2026-10-02T10:53:08+02:00 WRITE src/apps/accounts/apps.py
2026-10-02T10:53:12+02:00 TESTS red (after src/apps/accounts/apps.py)
2026-10-02T10:53:23+02:00 WRITE src/templates/registration/signup.html
2026-10-02T10:53:27+02:00 TESTS red (after src/templates/registration/signup.html)
2026-10-02T10:53:27+02:00 WRITE src/apps/accounts/apps.py
2026-10-02T10:53:31+02:00 TESTS green (after src/apps/accounts/apps.py)
2026-10-02T10:53:51+02:00 WRITE src/apps/accounts/tests/test_migrations.py
2026-10-02T10:53:52+02:00 TESTS red (after src/apps/accounts/tests/test_migrations.py)
2026-10-02T10:53:52+02:00 WRITE src/apps/accounts/migrations/0002_backfill_profiles.py
2026-10-02T10:53:56+02:00 TESTS red (after src/apps/accounts/migrations/0002_backfill_profiles.py)
2026-10-02T10:54:06+02:00 WRITE src/apps/accounts/migrations/0002_backfill_profiles.py
2026-10-02T10:54:11+02:00 TESTS green (after src/apps/accounts/migrations/0002_backfill_profiles.py)
2026-10-02T10:54:32+02:00 WRITE src/apps/accounts/tests/test_admin.py
2026-10-02T10:54:37+02:00 TESTS red (after src/apps/accounts/tests/test_admin.py)
2026-10-02T10:54:43+02:00 WRITE src/apps/accounts/admin.py
2026-10-02T10:54:48+02:00 TESTS green (after src/apps/accounts/admin.py)
2026-10-02T10:55:12+02:00 WRITE src/apps/accounts/tests/test_admin.py
2026-10-02T10:55:20+02:00 TESTS green (after src/apps/accounts/tests/test_admin.py)
2026-10-02T10:55:28+02:00 WRITE src/apps/accounts/tests/test_admin.py
2026-10-02T10:55:39+02:00 TESTS green (after src/apps/accounts/tests/test_admin.py)
2026-10-02T10:55:47+02:00 WRITE src/apps/accounts/admin.py
2026-10-02T10:55:57+02:00 TESTS red (after src/apps/accounts/admin.py)
2026-10-02T10:56:04+02:00 WRITE src/apps/accounts/admin.py
2026-10-02T10:56:13+02:00 TESTS green (after src/apps/accounts/admin.py)
2026-10-02T11:00:18+02:00 WRITE work/profile-model/review.md
2026-10-02T11:00:32+02:00 WRITE work/profile-model/plan.md
2026-10-02T11:03:09+02:00 WRITE src/apps/accounts/tests/test_admin.py
2026-10-02T11:03:15+02:00 TESTS green (after src/apps/accounts/tests/test_admin.py)
2026-10-02T11:04:01+02:00 WRITE src/apps/accounts/tests/test_models.py
2026-10-02T11:04:07+02:00 TESTS green (after src/apps/accounts/tests/test_models.py)
2026-10-02T11:04:26+02:00 WRITE src/apps/accounts/tests/test_migrations.py
2026-10-02T11:04:31+02:00 TESTS green (after src/apps/accounts/tests/test_migrations.py)
2026-10-02T11:04:31+02:00 WRITE src/apps/accounts/tests/test_migrations.py
2026-10-02T11:04:37+02:00 TESTS green (after src/apps/accounts/tests/test_migrations.py)
2026-10-02T11:04:43+02:00 WRITE src/apps/accounts/migrations/0002_backfill_profiles.py
2026-10-02T11:04:49+02:00 TESTS red (after src/apps/accounts/migrations/0002_backfill_profiles.py)
2026-10-02T11:04:55+02:00 WRITE src/apps/accounts/migrations/0002_backfill_profiles.py
2026-10-02T11:05:01+02:00 TESTS green (after src/apps/accounts/migrations/0002_backfill_profiles.py)
2026-10-02T11:05:20+02:00 WRITE src/apps/accounts/tests/test_views.py
2026-10-02T11:05:25+02:00 TESTS green (after src/apps/accounts/tests/test_views.py)
2026-10-02T11:05:33+02:00 WRITE src/templates/registration/signup.html
2026-10-02T11:05:39+02:00 TESTS red (after src/templates/registration/signup.html)
2026-10-02T11:05:49+02:00 WRITE src/templates/registration/signup.html
2026-10-02T11:05:54+02:00 TESTS green (after src/templates/registration/signup.html)
2026-10-02T11:06:24+02:00 WRITE src/apps/accounts/tests/test_models.py
2026-10-02T11:06:30+02:00 TESTS green (after src/apps/accounts/tests/test_models.py)
2026-10-02T11:06:30+02:00 WRITE src/apps/accounts/tests/test_admin.py
2026-10-02T11:06:37+02:00 TESTS red (after src/apps/accounts/tests/test_admin.py)
2026-10-02T11:06:37+02:00 WRITE src/apps/accounts/tests/test_admin.py
2026-10-02T11:06:44+02:00 TESTS red (after src/apps/accounts/tests/test_admin.py)
2026-10-02T11:06:44+02:00 WRITE src/apps/accounts/tests/test_admin.py
2026-10-02T11:06:51+02:00 TESTS green (after src/apps/accounts/tests/test_admin.py)
2026-10-02T11:07:18+02:00 WRITE src/apps/accounts/tests/test_admin.py
2026-10-02T11:07:24+02:00 TESTS red (after src/apps/accounts/tests/test_admin.py)
2026-10-02T11:07:24+02:00 WRITE src/apps/accounts/tests/test_admin.py
2026-10-02T11:07:30+02:00 TESTS red (after src/apps/accounts/tests/test_admin.py)
2026-10-02T11:07:37+02:00 WRITE src/apps/accounts/admin.py
2026-10-02T11:07:44+02:00 TESTS green (after src/apps/accounts/admin.py)
2026-10-02T11:08:03+02:00 WRITE src/apps/accounts/tests/test_admin.py
2026-10-02T11:08:09+02:00 TESTS green (after src/apps/accounts/tests/test_admin.py)
2026-10-02T11:08:09+02:00 WRITE src/apps/accounts/tests/test_admin.py
2026-10-02T11:08:18+02:00 TESTS green (after src/apps/accounts/tests/test_admin.py)
