2026-10-02T13:40:31+02:00 WRITE work/backlog.md
2026-10-02T14:00:00+02:00 WRITE work/goal-list-create/plan.md
2026-10-02T14:02:05+02:00 WRITE work/goal-list-create/plan.md
2026-10-02T14:02:05+02:00 WRITE work/goal-list-create/plan.md
2026-10-02T14:02:05+02:00 WRITE work/goal-list-create/plan.md
2026-10-02T14:03:51+02:00 WRITE src/apps/goals/tests/test_views.py
2026-10-02T14:04:04+02:00 TESTS red (after src/apps/goals/tests/test_views.py)
2026-10-02T14:04:12+02:00 WRITE src/apps/goals/views.py
2026-10-02T14:04:25+02:00 TESTS red (after src/apps/goals/views.py)
2026-10-02T14:04:25+02:00 WRITE src/apps/goals/urls.py
2026-10-02T14:04:37+02:00 TESTS red (after src/apps/goals/urls.py)
2026-10-02T14:04:37+02:00 WRITE src/config/urls.py
2026-10-02T14:04:50+02:00 TESTS green (after src/config/urls.py)
2026-10-02T14:05:28+02:00 WRITE src/apps/goals/tests/test_views.py
2026-10-02T14:05:41+02:00 TESTS green (after src/apps/goals/tests/test_views.py)
2026-10-02T14:05:48+02:00 WRITE src/apps/goals/templates/goals/goal_list.html
2026-10-02T14:06:00+02:00 TESTS green (after src/apps/goals/templates/goals/goal_list.html)
2026-10-02T14:06:41+02:00 WRITE src/apps/goals/tests/test_views.py
2026-10-02T14:06:54+02:00 TESTS green (after src/apps/goals/tests/test_views.py)
2026-10-02T14:06:54+02:00 WRITE src/apps/goals/tests/test_views.py
2026-10-02T14:07:06+02:00 TESTS green (after src/apps/goals/tests/test_views.py)
2026-10-02T14:07:06+02:00 WRITE src/apps/goals/tests/test_views.py
2026-10-02T14:07:20+02:00 TESTS red (after src/apps/goals/tests/test_views.py)
2026-10-02T14:07:28+02:00 WRITE src/apps/goals/tests/test_views.py
2026-10-02T14:07:40+02:00 TESTS red (after src/apps/goals/tests/test_views.py)
2026-10-02T14:07:40+02:00 WRITE src/apps/goals/tests/test_views.py
2026-10-02T14:07:53+02:00 TESTS red (after src/apps/goals/tests/test_views.py)
2026-10-02T14:08:01+02:00 WRITE src/apps/goals/templates/goals/goal_list.html
2026-10-02T14:08:13+02:00 TESTS green (after src/apps/goals/templates/goals/goal_list.html)
2026-10-02T14:08:47+02:00 WRITE src/apps/goals/tests/test_views.py
2026-10-02T14:09:00+02:00 TESTS red (after src/apps/goals/tests/test_views.py)
2026-10-02T14:09:07+02:00 WRITE src/apps/goals/views.py
2026-10-02T14:09:20+02:00 TESTS green (after src/apps/goals/views.py)
2026-10-02T14:09:53+02:00 WRITE src/apps/goals/tests/test_views.py
2026-10-02T14:10:06+02:00 TESTS red (after src/apps/goals/tests/test_views.py)
2026-10-02T14:10:15+02:00 WRITE src/apps/goals/templates/goals/goal_list.html
2026-10-02T14:10:28+02:00 TESTS green (after src/apps/goals/templates/goals/goal_list.html)
2026-10-02T14:11:03+02:00 WRITE src/apps/goals/tests/test_views.py
2026-10-02T14:11:17+02:00 TESTS red (after src/apps/goals/tests/test_views.py)
2026-10-02T14:11:25+02:00 WRITE src/apps/goals/views.py
2026-10-02T14:11:38+02:00 TESTS red (after src/apps/goals/views.py)
2026-10-02T14:11:38+02:00 WRITE src/apps/goals/urls.py
2026-10-02T14:11:51+02:00 TESTS green (after src/apps/goals/urls.py)
2026-10-02T14:12:32+02:00 WRITE src/apps/goals/tests/test_views.py
2026-10-02T14:12:45+02:00 TESTS green (after src/apps/goals/tests/test_views.py)
2026-10-02T14:12:45+02:00 WRITE src/apps/goals/tests/test_views.py
2026-10-02T14:12:59+02:00 TESTS red (after src/apps/goals/tests/test_views.py)
2026-10-02T14:13:13+02:00 WRITE src/apps/goals/forms.py
2026-10-02T14:13:26+02:00 TESTS red (after src/apps/goals/forms.py)
2026-10-02T14:13:26+02:00 WRITE src/apps/goals/views.py
2026-10-02T14:13:41+02:00 TESTS red (after src/apps/goals/views.py)
2026-10-02T14:13:41+02:00 WRITE src/apps/goals/views.py
2026-10-02T14:14:00+02:00 TESTS red (after src/apps/goals/views.py)
2026-10-02T14:14:00+02:00 WRITE src/apps/goals/templates/goals/goal_form.html
2026-10-02T14:14:17+02:00 TESTS green (after src/apps/goals/templates/goals/goal_form.html)
2026-10-02T14:15:07+02:00 WRITE src/apps/goals/tests/test_views.py
2026-10-02T14:15:20+02:00 TESTS green (after src/apps/goals/tests/test_views.py)
2026-10-02T14:15:20+02:00 WRITE src/apps/goals/tests/test_views.py
2026-10-02T14:15:36+02:00 TESTS red (after src/apps/goals/tests/test_views.py)
2026-10-02T14:15:46+02:00 WRITE src/apps/goals/views.py
2026-10-02T14:16:02+02:00 TESTS green (after src/apps/goals/views.py)
2026-10-02T14:16:46+02:00 WRITE src/apps/goals/tests/test_views.py
2026-10-02T14:17:04+02:00 TESTS green (after src/apps/goals/tests/test_views.py)
2026-10-02T14:17:56+02:00 WRITE src/apps/goals/tests/test_views.py
2026-10-02T14:18:10+02:00 TESTS green (after src/apps/goals/tests/test_views.py)
2026-10-02T14:19:00+02:00 WRITE src/apps/goals/tests/test_views.py
2026-10-02T14:19:19+02:00 TESTS red (after src/apps/goals/tests/test_views.py)
2026-10-02T14:19:30+02:00 WRITE src/apps/goals/templates/goals/goal_list.html
2026-10-02T14:19:48+02:00 TESTS green (after src/apps/goals/templates/goals/goal_list.html)
2026-10-02T14:20:39+02:00 WRITE src/apps/goals/tests/test_views.py
2026-10-02T14:20:56+02:00 TESTS green (after src/apps/goals/tests/test_views.py)
2026-10-02T14:20:56+02:00 WRITE src/apps/goals/tests/test_views.py
2026-10-02T14:21:17+02:00 TESTS red (after src/apps/goals/tests/test_views.py)
2026-10-02T14:21:27+02:00 WRITE src/templates/base.html
2026-10-02T14:21:46+02:00 TESTS green (after src/templates/base.html)
2026-10-02T14:39:27+02:00 WRITE work/goal-list-create/review.md
