2026-10-02T14:51:04+02:00 WRITE work/backlog.md
2026-10-02T15:07:13+02:00 WRITE work/goal-detail/plan.md
2026-10-02T15:11:00+02:00 WRITE src/apps/goals/tests/test_views.py
2026-10-02T15:11:15+02:00 TESTS red (after src/apps/goals/tests/test_views.py)
2026-10-02T15:11:28+02:00 WRITE src/apps/goals/views.py
2026-10-02T15:11:43+02:00 TESTS red (after src/apps/goals/views.py)
2026-10-02T15:11:43+02:00 WRITE src/apps/goals/views.py
2026-10-02T15:11:58+02:00 TESTS red (after src/apps/goals/views.py)
2026-10-02T15:11:58+02:00 WRITE src/apps/goals/urls.py
2026-10-02T15:12:13+02:00 TESTS red (after src/apps/goals/urls.py)
2026-10-02T15:12:13+02:00 WRITE src/apps/goals/urls.py
2026-10-02T15:12:27+02:00 TESTS green (after src/apps/goals/urls.py)
2026-10-02T15:13:10+02:00 WRITE src/apps/goals/tests/test_views.py
2026-10-02T15:13:25+02:00 TESTS red (after src/apps/goals/tests/test_views.py)
2026-10-02T15:13:41+02:00 WRITE src/apps/goals/templates/goals/goal_detail.html
2026-10-02T15:13:56+02:00 TESTS green (after src/apps/goals/templates/goals/goal_detail.html)
2026-10-02T15:14:49+02:00 WRITE src/apps/goals/tests/test_views.py
2026-10-02T15:15:06+02:00 TESTS green (after src/apps/goals/tests/test_views.py)
2026-10-02T15:15:06+02:00 WRITE src/apps/goals/tests/test_views.py
2026-10-02T15:15:28+02:00 TESTS red (after src/apps/goals/tests/test_views.py)
2026-10-02T15:15:45+02:00 WRITE src/apps/goals/views.py
2026-10-02T15:16:08+02:00 TESTS green (after src/apps/goals/views.py)
2026-10-02T15:16:40+02:00 WRITE src/apps/goals/views.py
2026-10-02T15:17:00+02:00 TESTS green (after src/apps/goals/views.py)
2026-10-02T15:17:00+02:00 WRITE src/apps/goals/views.py
2026-10-02T15:17:24+02:00 TESTS green (after src/apps/goals/views.py)
2026-10-02T15:18:01+02:00 WRITE src/apps/goals/views.py
2026-10-02T15:18:24+02:00 TESTS green (after src/apps/goals/views.py)
2026-10-02T15:19:18+02:00 WRITE src/apps/goals/tests/test_views.py
2026-10-02T15:19:42+02:00 TESTS red (after src/apps/goals/tests/test_views.py)
2026-10-02T15:19:54+02:00 WRITE src/apps/goals/templates/goals/goal_detail.html
2026-10-02T15:20:19+02:00 TESTS green (after src/apps/goals/templates/goals/goal_detail.html)
2026-10-02T15:21:18+02:00 WRITE src/apps/goals/tests/test_views.py
2026-10-02T15:21:40+02:00 TESTS red (after src/apps/goals/tests/test_views.py)
2026-10-02T15:21:50+02:00 WRITE src/apps/goals/templates/goals/goal_list.html
2026-10-02T15:22:11+02:00 TESTS green (after src/apps/goals/templates/goals/goal_list.html)
2026-10-02T15:23:07+02:00 WRITE src/apps/goals/tests/test_views.py
2026-10-02T15:23:27+02:00 TESTS red (after src/apps/goals/tests/test_views.py)
2026-10-02T15:23:32+02:00 WRITE src/apps/goals/tests/test_views.py
2026-10-02T15:23:54+02:00 TESTS red (after src/apps/goals/tests/test_views.py)
2026-10-02T15:23:54+02:00 WRITE src/apps/goals/tests/test_views.py
2026-10-02T15:24:16+02:00 TESTS red (after src/apps/goals/tests/test_views.py)
2026-10-02T15:24:34+02:00 WRITE src/apps/goals/views.py
2026-10-02T15:25:20+02:00 TESTS red (after src/apps/goals/views.py)
2026-10-02T15:25:20+02:00 WRITE src/apps/goals/views.py
2026-10-02T15:25:49+02:00 TESTS red (after src/apps/goals/views.py)
2026-10-02T15:25:49+02:00 WRITE src/apps/goals/urls.py
2026-10-02T15:26:19+02:00 TESTS red (after src/apps/goals/urls.py)
2026-10-02T15:26:19+02:00 WRITE src/apps/goals/urls.py
2026-10-02T15:26:44+02:00 TESTS green (after src/apps/goals/urls.py)
2026-10-02T15:27:50+02:00 WRITE src/apps/goals/tests/test_views.py
2026-10-02T15:28:15+02:00 TESTS red (after src/apps/goals/tests/test_views.py)
2026-10-02T15:28:29+02:00 WRITE src/apps/goals/views.py
2026-10-02T15:28:53+02:00 TESTS red (after src/apps/goals/views.py)
2026-10-02T15:28:54+02:00 WRITE src/apps/goals/templates/goals/goal_form.html
2026-10-02T15:29:19+02:00 TESTS green (after src/apps/goals/templates/goals/goal_form.html)
2026-10-02T15:30:19+02:00 WRITE src/apps/goals/tests/test_views.py
2026-10-02T15:30:44+02:00 TESTS red (after src/apps/goals/tests/test_views.py)
2026-10-02T15:30:59+02:00 WRITE src/apps/goals/views.py
2026-10-02T15:31:24+02:00 TESTS green (after src/apps/goals/views.py)
2026-10-02T15:31:24+02:00 WRITE src/apps/goals/views.py
2026-10-02T15:31:51+02:00 TESTS green (after src/apps/goals/views.py)
2026-10-02T15:32:55+02:00 WRITE src/apps/goals/tests/test_views.py
2026-10-02T15:33:19+02:00 TESTS red (after src/apps/goals/tests/test_views.py)
2026-10-02T15:33:36+02:00 WRITE src/apps/goals/models.py
2026-10-02T15:34:00+02:00 TESTS red (after src/apps/goals/models.py)
2026-10-02T15:34:00+02:00 WRITE src/apps/goals/models.py
2026-10-02T15:34:28+02:00 TESTS red (after src/apps/goals/models.py)
2026-10-02T15:34:28+02:00 WRITE src/apps/goals/views.py
2026-10-02T15:34:57+02:00 TESTS green (after src/apps/goals/views.py)
2026-10-02T15:36:06+02:00 WRITE src/apps/goals/tests/test_views.py
2026-10-02T15:36:33+02:00 TESTS green (after src/apps/goals/tests/test_views.py)
2026-10-02T15:37:27+02:00 WRITE src/apps/goals/tests/test_views.py
2026-10-02T15:37:44+02:00 TESTS green (after src/apps/goals/tests/test_views.py)
2026-10-02T15:38:29+02:00 WRITE src/apps/goals/tests/test_views.py
2026-10-02T15:38:47+02:00 TESTS red (after src/apps/goals/tests/test_views.py)
2026-10-02T15:39:04+02:00 WRITE src/apps/goals/views.py
2026-10-02T15:39:36+02:00 TESTS red (after src/apps/goals/views.py)
2026-10-02T15:39:36+02:00 WRITE src/apps/goals/views.py
2026-10-02T15:39:54+02:00 TESTS red (after src/apps/goals/views.py)
2026-10-02T15:39:54+02:00 WRITE src/apps/goals/urls.py
2026-10-02T15:40:11+02:00 TESTS green (after src/apps/goals/urls.py)
2026-10-02T15:40:55+02:00 WRITE src/apps/goals/tests/test_views.py
2026-10-02T15:41:13+02:00 TESTS red (after src/apps/goals/tests/test_views.py)
2026-10-02T15:41:25+02:00 WRITE src/apps/goals/templates/goals/goal_confirm_delete.html
2026-10-02T15:41:42+02:00 TESTS green (after src/apps/goals/templates/goals/goal_confirm_delete.html)
2026-10-02T15:42:28+02:00 WRITE src/apps/goals/tests/test_views.py
2026-10-02T15:42:46+02:00 TESTS red (after src/apps/goals/tests/test_views.py)
2026-10-02T15:43:04+02:00 WRITE src/apps/goals/views.py
2026-10-02T15:43:21+02:00 TESTS green (after src/apps/goals/views.py)
2026-10-02T15:43:22+02:00 WRITE src/apps/goals/views.py
2026-10-02T15:43:40+02:00 TESTS green (after src/apps/goals/views.py)
2026-10-02T15:44:26+02:00 WRITE src/apps/goals/tests/test_views.py
2026-10-02T15:44:44+02:00 TESTS red (after src/apps/goals/tests/test_views.py)
2026-10-02T15:44:57+02:00 WRITE src/apps/goals/views.py
2026-10-02T15:45:15+02:00 TESTS green (after src/apps/goals/views.py)
2026-10-02T15:46:01+02:00 WRITE src/apps/goals/tests/test_views.py
2026-10-02T15:46:19+02:00 TESTS red (after src/apps/goals/tests/test_views.py)
2026-10-02T15:46:33+02:00 WRITE src/apps/goals/templates/goals/goal_detail.html
2026-10-02T15:46:52+02:00 TESTS green (after src/apps/goals/templates/goals/goal_detail.html)
2026-10-02T15:50:23+02:00 WRITE work/goal-detail/review.md
